#
# There is insufficient memory for the Java Runtime Environment to continue.
# Native memory allocation (mmap) failed to map 536870912 bytes. Error detail: G1 virtual space
# Possible reasons:
#   The system is out of physical RAM or swap space
#   This process is running with CompressedOops enabled, and the Java Heap may be blocking the growth of the native heap
# Possible solutions:
#   Reduce memory load on the system
#   Increase physical memory or swap space
#   Check if swap backing store is full
#   Decrease Java heap size (-Xmx/-Xms)
#   Decrease number of Java threads
#   Decrease Java thread stack sizes (-Xss)
#   Set larger code cache with -XX:ReservedCodeCacheSize=
#   JVM is running with Zero Based Compressed Oops mode in which the Java heap is
#     placed in the first 32GB address space. The Java Heap base address is the
#     maximum limit for the native heap growth. Please use -XX:HeapBaseMinAddress
#     to set the Java Heap base and to place the Java Heap above 32GB virtual address.
# This output file may be truncated or incomplete.
#
#  Out of Memory Error (os_windows.cpp:3925), pid=1392, tid=20472
#
# JRE version:  (21.0.8+1) (build )
# Java VM: OpenJDK 64-Bit Server VM (21.0.8+1-b895.146, mixed mode, sharing, tiered, compressed oops, compressed class ptrs, g1 gc, windows-amd64)
# No core dump will be written. Minidumps are not enabled by default on client versions of Windows
#

---------------  S U M M A R Y ------------

Command Line: git4idea.http.GitAskPassApp Username for 'https://github.com': 

Host: 12th Gen Intel(R) Core(TM) i5-12400F, 12 cores, 31G,  Windows 11 , 64 bit Build 26100 (10.0.26100.7920)
Time: Fri May  8 20:40:17 2026 Romance Daylight Time elapsed time: 0.259101 seconds (0d 0h 0m 0s)

---------------  T H R E A D  ---------------

Current thread (0x0000019da79c68c0):  JavaThread "Unknown thread" [_thread_in_vm, id=20472, stack(0x00000071f0f00000,0x00000071f1000000) (1024K)]

Stack: [0x00000071f0f00000,0x00000071f1000000]
Native frames: (J=compiled Java code, j=interpreted, Vv=VM code, C=native code)
V  [jvm.dll+0x6ea2e9]
V  [jvm.dll+0x8ca2d3]
V  [jvm.dll+0x8cc88e]
V  [jvm.dll+0x8ccf73]
V  [jvm.dll+0x28a656]
V  [jvm.dll+0x6e6b05]
V  [jvm.dll+0x6da31a]
V  [jvm.dll+0x36602b]
V  [jvm.dll+0x36dbf6]
V  [jvm.dll+0x3c0046]
V  [jvm.dll+0x3c0318]
V  [jvm.dll+0x33886c]
V  [jvm.dll+0x33955b]
V  [jvm.dll+0x891759]
V  [jvm.dll+0x3cd218]
V  [jvm.dll+0x87a778]
V  [jvm.dll+0x461c9e]
V  [jvm.dll+0x463981]
C  [jli.dll+0x52ab]
C  [ucrtbase.dll+0x37b0]
C  [KERNEL32.DLL+0x2e8d7]
C  [ntdll.dll+0x8c48c]


---------------  P R O C E S S  ---------------

Threads class SMR info:
_java_thread_list=0x00007ffcd78c2288, length=0, elements={
}

Java Threads: ( => current thread )
Total: 0

Other Threads:
  0x0000019da9eb4110 WorkerThread "GC Thread#0"                     [id=21400, stack(0x00000071f1000000,0x00000071f1100000) (1024K)]
  0x0000019da9ec52d0 ConcurrentGCThread "G1 Main Marker"            [id=13020, stack(0x00000071f1100000,0x00000071f1200000) (1024K)]
  0x0000019da9ec7bf0 WorkerThread "G1 Conc#0"                       [id=9348, stack(0x00000071f1200000,0x00000071f1300000) (1024K)]

[error occurred during error reporting (printing all threads), id 0xc0000005, EXCEPTION_ACCESS_VIOLATION (0xc0000005) at pc=0x00007ffcd6fab857]
VM state: not at safepoint (not fully initialized)

VM Mutex/Monitor currently owned by a thread:  ([mutex/lock_event])
[0x00007ffcd7936c08] Heap_lock - owner thread: 0x0000019da79c68c0

Heap address: 0x0000000602400000, size: 8156 MB, Compressed Oops mode: Zero based, Oop shift amount: 3

CDS archive(s) mapped at: [0x0000000000000000-0x0000000000000000-0x0000000000000000), size 0, SharedBaseAddress: 0x0000000800000000, ArchiveRelocationMode: 1.
Narrow klass base: 0x0000000000000000, Narrow klass shift: 0, Narrow klass range: 0x0

GC Precious Log:
 CardTable entry size: 512
 Card Set container configuration: InlinePtr #cards 4 size 8 Array Of Cards #cards 32 size 80 Howl #buckets 8 coarsen threshold 7372 Howl Bitmap #cards 1024 size 144 coarsen threshold 921 Card regions per heap region 1 cards per card region 8192

Heap:
 garbage-first heap   total 0K, used 0K [0x0000000602400000, 0x0000000800000000)
  region size 4096K, 0 young (0K), 0 survivors (0K)
 Metaspace       used 0K, committed 0K, reserved 0K
  class space    used 0K, committed 0K, reserved 0K

Heap Regions: E=young(eden), S=young(survivor), O=old, HS=humongous(starts), HC=humongous(continues), CS=collection set, F=free, TAMS=top-at-mark-start, PB=parsable bottom

Card table byte_map: [0x0000019dbe390000,0x0000019dbf380000] _byte_map_base: 0x0000019dbb37e000

Marking Bits: (CMBitMap*) 0x0000019da9eb4810
 Bits: [0x0000019dbf380000, 0x0000019dc72f0000)

GC Heap History (0 events):
No events

Dll operation events (1 events):
Event: 0.019 Loaded shared library C:\Program Files\JetBrains\IntelliJ IDEA 2025.1.7\jbr\bin\java.dll

Deoptimization events (0 events):
No events

Classes loaded (0 events):
No events

Classes unloaded (0 events):
No events

Classes redefined (0 events):
No events

Internal exceptions (0 events):
No events

ZGC Phase Switch (0 events):
No events

VM Operations (0 events):
No events

Memory protections (0 events):
No events

Nmethod flushes (0 events):
No events

Events (0 events):
No events


Dynamic libraries:
0x00007ff7550f0000 - 0x00007ff7550fa000 	C:\Program Files\JetBrains\IntelliJ IDEA 2025.1.7\jbr\bin\java.exe
0x00007ffdbbd40000 - 0x00007ffdbbfa7000 	C:\WINDOWS\SYSTEM32\ntdll.dll
0x00007ffdb9fc0000 - 0x00007ffdba089000 	C:\WINDOWS\System32\KERNEL32.DLL
0x00007ffdb8700000 - 0x00007ffdb8af1000 	C:\WINDOWS\System32\KERNELBASE.dll
0x00007ffdb9420000 - 0x00007ffdb956b000 	C:\WINDOWS\System32\ucrtbase.dll
0x00007ffdb6140000 - 0x00007ffdb615b000 	C:\Program Files\JetBrains\IntelliJ IDEA 2025.1.7\jbr\bin\VCRUNTIME140.dll
0x00007ffd41620000 - 0x00007ffd41638000 	C:\Program Files\JetBrains\IntelliJ IDEA 2025.1.7\jbr\bin\jli.dll
0x00007ffdbafb0000 - 0x00007ffdbb175000 	C:\WINDOWS\System32\USER32.dll
0x00007ffdb8620000 - 0x00007ffdb8647000 	C:\WINDOWS\System32\win32u.dll
0x00007ffdbaf80000 - 0x00007ffdbafab000 	C:\WINDOWS\System32\GDI32.dll
0x00007ffdb97a0000 - 0x00007ffdb98cb000 	C:\WINDOWS\System32\gdi32full.dll
0x00007ffd9de80000 - 0x00007ffd9e113000 	C:\WINDOWS\WinSxS\amd64_microsoft.windows.common-controls_6595b64144ccf1df_6.0.26100.8037_none_3e092faae333b53b\COMCTL32.dll
0x00007ffdb9370000 - 0x00007ffdb9413000 	C:\WINDOWS\System32\msvcp_win.dll
0x00007ffdbbb80000 - 0x00007ffdbbc29000 	C:\WINDOWS\System32\msvcrt.dll
0x00007ffdbbc30000 - 0x00007ffdbbc61000 	C:\WINDOWS\System32\IMM32.DLL
0x00007ffdb6130000 - 0x00007ffdb613c000 	C:\Program Files\JetBrains\IntelliJ IDEA 2025.1.7\jbr\bin\vcruntime140_1.dll
0x00007ffcbadf0000 - 0x00007ffcbae7d000 	C:\Program Files\JetBrains\IntelliJ IDEA 2025.1.7\jbr\bin\msvcp140.dll
0x00007ffcd6c60000 - 0x00007ffcd7a29000 	C:\Program Files\JetBrains\IntelliJ IDEA 2025.1.7\jbr\bin\server\jvm.dll
0x00007ffdb9c80000 - 0x00007ffdb9d3b000 	C:\WINDOWS\System32\ADVAPI32.dll
0x00007ffdbb390000 - 0x00007ffdbb437000 	C:\WINDOWS\System32\sechost.dll
0x00007ffdbb260000 - 0x00007ffdbb378000 	C:\WINDOWS\System32\RPCRT4.dll
0x00007ffdb9d40000 - 0x00007ffdb9db4000 	C:\WINDOWS\System32\WS2_32.dll
0x00007ffdb7e80000 - 0x00007ffdb7ede000 	C:\WINDOWS\SYSTEM32\POWRPROF.dll
0x00007ffdb2d70000 - 0x00007ffdb2d7b000 	C:\WINDOWS\SYSTEM32\VERSION.dll
0x00007ffdac4c0000 - 0x00007ffdac4f5000 	C:\WINDOWS\SYSTEM32\WINMM.dll
0x00007ffdb7e60000 - 0x00007ffdb7e74000 	C:\WINDOWS\SYSTEM32\UMPDC.dll
0x00007ffdb7370000 - 0x00007ffdb738b000 	C:\WINDOWS\SYSTEM32\kernel.appcore.dll
0x00007ffdb6120000 - 0x00007ffdb612a000 	C:\Program Files\JetBrains\IntelliJ IDEA 2025.1.7\jbr\bin\jimage.dll
0x00007ffda0e40000 - 0x00007ffda1082000 	C:\WINDOWS\SYSTEM32\DBGHELP.DLL
0x00007ffdbaa20000 - 0x00007ffdbada2000 	C:\WINDOWS\System32\combase.dll
0x00007ffdbb180000 - 0x00007ffdbb257000 	C:\WINDOWS\System32\OLEAUT32.dll
0x00007ffd9dba0000 - 0x00007ffd9dbdb000 	C:\WINDOWS\SYSTEM32\dbgcore.DLL
0x00007ffdb8650000 - 0x00007ffdb86f5000 	C:\WINDOWS\System32\bcryptPrimitives.dll
0x00007ffdb60c0000 - 0x00007ffdb60e0000 	C:\Program Files\JetBrains\IntelliJ IDEA 2025.1.7\jbr\bin\java.dll

JVMTI agents: none

dbghelp: loaded successfully - version: 4.0.5 - missing functions: none
symbol engine: initialized successfully - sym options: 0x614 - pdb path: .;C:\Program Files\JetBrains\IntelliJ IDEA 2025.1.7\jbr\bin;C:\WINDOWS\SYSTEM32;C:\WINDOWS\WinSxS\amd64_microsoft.windows.common-controls_6595b64144ccf1df_6.0.26100.8037_none_3e092faae333b53b;C:\Program Files\JetBrains\IntelliJ IDEA 2025.1.7\jbr\bin\server

VM Arguments:
java_command: git4idea.http.GitAskPassApp Username for 'https://github.com': 
java_class_path (initial): C:/Program Files/JetBrains/IntelliJ IDEA 2025.1.7/plugins/vcs-git/lib/git4idea-rt.jar;C:/Program Files/JetBrains/IntelliJ IDEA 2025.1.7/lib/externalProcess-rt.jar
Launcher Type: SUN_STANDARD

[Global flags]
     intx CICompilerCount                          = 4                                         {product} {ergonomic}
     uint ConcGCThreads                            = 3                                         {product} {ergonomic}
     uint G1ConcRefinementThreads                  = 10                                        {product} {ergonomic}
   size_t G1HeapRegionSize                         = 4194304                                   {product} {ergonomic}
    uintx GCDrainStackTargetSize                   = 64                                        {product} {ergonomic}
   size_t InitialHeapSize                          = 536870912                                 {product} {ergonomic}
   size_t MarkStackSize                            = 4194304                                   {product} {ergonomic}
   size_t MaxHeapSize                              = 8552185856                                {product} {ergonomic}
   size_t MinHeapDeltaBytes                        = 4194304                                   {product} {ergonomic}
   size_t MinHeapSize                              = 8388608                                   {product} {ergonomic}
    uintx NonNMethodCodeHeapSize                   = 5839372                                {pd product} {ergonomic}
    uintx NonProfiledCodeHeapSize                  = 122909434                              {pd product} {ergonomic}
    uintx ProfiledCodeHeapSize                     = 122909434                              {pd product} {ergonomic}
    uintx ReservedCodeCacheSize                    = 251658240                              {pd product} {ergonomic}
     bool SegmentedCodeCache                       = true                                      {product} {ergonomic}
   size_t SoftMaxHeapSize                          = 8552185856                             {manageable} {ergonomic}
     bool UseCompressedOops                        = true                           {product lp64_product} {ergonomic}
     bool UseG1GC                                  = true                                      {product} {ergonomic}
     bool UseLargePagesIndividualAllocation        = false                                  {pd product} {ergonomic}

Logging:
Log output configuration:
 #0: stdout all=warning uptime,level,tags foldmultilines=false
 #1: stderr all=off uptime,level,tags foldmultilines=false

Environment Variables:
PATH=C:\Program Files\Git\mingw64\libexec\git-core;C:\Program Files\Git\mingw64\libexec\git-core;C:\Program Files\Git\mingw64\bin;C:\Program Files\Git\usr\bin;C:\Users\TBLADLE\bin;C:\Python313\Scripts;C:\Python313;C:\Program Files\Common Files\Oracle\Java\javapath;C:\Program Files (x86)\Common Files\Oracle\Java\java8path;C:\Program Files (x86)\Common Files\Oracle\Java\javapath;C:\WINDOWS\system32;C:\WINDOWS;C:\WINDOWS\System32\Wbem;C:\WINDOWS\System32\WindowsPowerShell\v1.0;C:\WINDOWS\System32\OpenSSH;C:\Program Files (x86)\NVIDIA Corporation\PhysX\Common;C:\Program Files\Git\cmd;C:\Program Files\nodejs;C:\ProgramData\chocolatey\bin;C:\Android\platform-tools;C:\Users\TBLADLE\Downloads\ffmpeg-master-latest-win64-gpl-shared\ffmpeg-master-latest-win64-gpl-shared\bin;C:\Program Files\Crucial\Crucial Storage Executive;C:\Program Files\NVIDIA Corporation\NVIDIA App\NvDLISR;C:\Program Files\dotnet;C:\Program Files\YASB;C:\Python313\Scripts;C:\Python313;C:\Program Files\Common Files\Oracle\Java\javapath;C:\Program Files (x86)\Common Files\Oracle\Java\java8path;C:\Program Files (x86)\Common Files\Oracle\Java\javapath;C:\WINDOWS\system32;C:\WINDOWS;C:\WINDOWS\System32\Wbem;C:\WINDOWS\System32\WindowsPowerShell\v1.0;C:\WINDOWS\System32\OpenSSH;C:\Program Files (x86)\NVIDIA Corporation\PhysX\Common;C:\Program Files\NVIDIA Corporation\NVIDIA app\NvDLISR;C:\Program Files\Git\cmd;C:\Program Files\nodejs;C:\ProgramData\chocolatey\bin;C:\Android\platform-tools;C:\Users\TBLADLE\Downloads\ffmpeg-master-latest-win64-gpl-shared\ffmpeg-master-latest-win64-gpl-shared\bin;C:\Users\TBLADLE\AppData\Local\Microsoft\WindowsApps;C:\Users\TBLADLE\AppData\Local\Programs\Microsoft VS Code\bin;C:\Users\TBLADLE\AppData\Roaming\npm;C:\Users\TBLADLE\AppData\Local\Microsoft\WinGet\Packages\Schniz.fnm_Microsoft.Winget.Source_8wekyb3d8bbwe;C:\program files (x86)\steam\ext\bin;C:\Program Files\MongoDB\Server\8.0\bin;C:\Program Files\JetBrains\IntelliJ IDEA 2025.1.7\bin
USERNAME=TBLADLE
DISPLAY=:0.0
LC_ALL=en_US.UTF-8
TERM=xterm-256color
TMPDIR=C:\Users\TBLADLE\AppData\Local\Temp
OS=Windows_NT
PROCESSOR_IDENTIFIER=Intel64 Family 6 Model 151 Stepping 5, GenuineIntel
TMP=C:\Users\TBLADLE\AppData\Local\Temp
TEMP=C:\Users\TBLADLE\AppData\Local\Temp




Periodic native trim disabled

JNI global refs:
JNI global refs: 0, weak refs: 0

JNI global refs memory usage: 0, weak refs: 0

Process memory usage:
Resident Set Size: 13168K (0% of 33398968K total physical memory with 4838208K free physical memory)

OOME stack traces (most recent first):
Classloader memory used:

---------------  S Y S T E M  ---------------

OS:
 Windows 11 , 64 bit Build 26100 (10.0.26100.7920)
OS uptime: 0 days 2:43 hours
Hyper-V role detected

CPU: total 12 (initial active 12) (6 cores per cpu, 2 threads per core) family 6 model 151 stepping 5 microcode 0x35, cx8, cmov, fxsr, ht, mmx, 3dnowpref, sse, sse2, sse3, ssse3, sse4.1, sse4.2, popcnt, lzcnt, tsc, tscinvbit, avx, avx2, aes, erms, clmul, bmi1, bmi2, adx, sha, fma, vzeroupper, clflush, clflushopt, clwb, hv, serialize, rdtscp, rdpid, fsrm, f16c, cet_ibt, cet_ss
Processor Information for the first 12 processors :
  Max Mhz: 2500, Current Mhz: 2500, Mhz Limit: 2500

Memory: 4k page, system-wide physical 32616M (4724M free)
TotalPageFile size 37589M (AvailPageFile size 493M)
current process WorkingSet (physical memory assigned to process): 12M, peak: 12M
current process commit charge ("private bytes"): 64M, peak: 576M

vm_info: OpenJDK 64-Bit Server VM (21.0.8+1-b895.146) for windows-amd64 JRE (21.0.8+1-b895.146), built on 2025-08-19 by "builduser" with MS VC++ 16.10 / 16.11 (VS2019)

END.
